// Jest Snapshot v1, https://goo.gl/fbAQLP

exports[`<Main /> should render the heading 1`] = `
<main
  class="styles__Wrapper-sc-19t6oi2-0 csBjCG"
>
  <h1
    class="styles__Title-sc-19t6oi2-1 CIpqG"
  >
    Boileplate!
  </h1>
  <img
    alt="Imagem de um atomo na cor azul marinho dentro de um círculo preto"
    class="styles__Logo-sc-19t6oi2-2 gIERlv"
    src="/img/shortcut-icon.png"
  />
  <h2
    class="styles__Description-sc-19t6oi2-3 edfDtS"
  >
    Boilerplate construído com Typescript, Next.js, Styled Components, Jest, React Testing Library.
  </h2>
</main>
`
